[dotenv@17.2.3] injecting env (6) from .env -- tip: ΓÜÖ∩╕Å  suppress all logs with { quiet: true }
Testing Face Verification...
Test 1: Identical Images
[AI Service] Starting Face Verification...
Result 1: Match=false, Score=0
